438 591 160 894 782 445 326 452 7 544 12 347 828 336 692 339 130 837 989 875 711 957 338 328 7 670 328 699 668 609 322 386 635 952 618 73 221 398 579 660 746 718 918 224 242 506 734 324 100 346 532 914 130